
> moodboard-editorial@0.1.0 build
> next build

▲ Next.js 16.3.5 (Turbopack)
- Environments: .env.local
✓ Running next.config.ts took 777ms

  Creating an optimized production build ...
✓ Compiled successfully in 436ms
  Running TypeScript ...
  Finished TypeScript in 1302ms ...
  Collecting page data using 7 workers ...
  Generating static pages using 7 workers (0/9) ...
  Generating static pages using 7 workers (2/9)
  Generating static pages using 7 workers (4/9)
  Generating static pages using 7 workers (6/9)
✓ Generating static pages using 7 workers (9/9) in 97ms
  Finalizing page optimization ...

Route (app)
┌ ƒ /
├ ○ /_not-found
├ ƒ /api/cron/maintenance
├ ƒ /api/invitations
├ ƒ /api/share-links
├ ƒ /api/shared/[token]
├ ƒ /auth
├ ƒ /auth/callback
├ ƒ /invite
└ ƒ /share/[token]


ƒ Proxy (Middleware)

○  (Static)   prerendered as static content
ƒ  (Dynamic)  server-rendered on demand
